#
# There is insufficient memory for the Java Runtime Environment to continue.
# Native memory allocation (mmap) failed to map 266338304 bytes. Error detail: G1 virtual space
# Possible reasons:
#   The system is out of physical RAM or swap space
#   This process is running with CompressedOops enabled, and the Java Heap may be blocking the growth of the native heap
# Possible solutions:
#   Reduce memory load on the system
#   Increase physical memory or swap space
#   Check if swap backing store is full
#   Decrease Java heap size (-Xmx/-Xms)
#   Decrease number of Java threads
#   Decrease Java thread stack sizes (-Xss)
#   Set larger code cache with -XX:ReservedCodeCacheSize=
#   JVM is running with Zero Based Compressed Oops mode in which the Java heap is
#     placed in the first 32GB address space. The Java Heap base address is the
#     maximum limit for the native heap growth. Please use -XX:HeapBaseMinAddress
#     to set the Java Heap base and to place the Java Heap above 32GB virtual address.
# This output file may be truncated or incomplete.
#
#  Out of Memory Error (os_windows.cpp:3714), pid=27180, tid=23880
#
# JRE version:  (21.0.10+7) (build )
# Java VM: OpenJDK 64-Bit Server VM (21.0.10+7-LTS, mixed mode, sharing, tiered, compressed oops, compressed class ptrs, g1 gc, windows-amd64)
# No core dump will be written. Minidumps are not enabled by default on client versions of Windows
#

---------------  S U M M A R Y ------------

Command Line: 

Host: 12th Gen Intel(R) Core(TM) i3-12100F, 8 cores, 15G,  Windows 11 , 64 bit Build 26100 (10.0.26100.8328)
Time: Mon May 25 20:35:02 2026 SE Asia Standard Time elapsed time: 0.047520 seconds (0d 0h 0m 0s)

---------------  T H R E A D  ---------------

Current thread (0x000001cd5a61b790):  JavaThread "Unknown thread" [_thread_in_vm, id=23880, stack(0x000000bd28f00000,0x000000bd29000000) (1024K)]

Stack: [0x000000bd28f00000,0x000000bd29000000]
Native frames: (J=compiled Java code, j=interpreted, Vv=VM code, C=native code)
V  [jvm.dll+0x6d7a39]
V  [jvm.dll+0x8b4b26]
V  [jvm.dll+0x8b70de]
V  [jvm.dll+0x8b77c3]
V  [jvm.dll+0x284346]
V  [jvm.dll+0x6d4355]
V  [jvm.dll+0x6c808a]
V  [jvm.dll+0x35edb8]
V  [jvm.dll+0x3669f6]
V  [jvm.dll+0x3b7afe]
V  [jvm.dll+0x3b7da8]
V  [jvm.dll+0x332fbc]
V  [jvm.dll+0x333b0b]
V  [jvm.dll+0x87eadb]
V  [jvm.dll+0x3c4a81]
V  [jvm.dll+0x867d25]
V  [jvm.dll+0x457b31]
V  [jvm.dll+0x459721]
C  [jli.dll+0x52d0]
C  [ucrtbase.dll+0x37b0]
C  [KERNEL32.DLL+0x2e957]
C  [ntdll.dll+0x427c]


---------------  P R O C E S S  ---------------

Threads class SMR info:
_java_thread_list=0x00007ffad297a1c8, length=0, elements={
}

Java Threads: ( => current thread )
Total: 0

Other Threads:
  0x000001cd76ae0b30 WorkerThread "GC Thread#0"                     [id=7496, stack(0x000000bd29000000,0x000000bd29100000) (1024K)]
  0x000001cd5c93cfc0 ConcurrentGCThread "G1 Main Marker"            [id=8860, stack(0x000000bd29100000,0x000000bd29200000) (1024K)]
  0x000001cd5c94ea00 WorkerThread "G1 Conc#0"                       [id=26920, stack(0x000000bd29200000,0x000000bd29300000) (1024K)]

[error occurred during error reporting (printing all threads), id 0xc0000005, EXCEPTION_ACCESS_VIOLATION (0xc0000005) at pc=0x00007ffad20756a7]
VM state: not at safepoint (not fully initialized)

VM Mutex/Monitor currently owned by a thread:  ([mutex/lock_event])
[0x00007ffad29ee660] Heap_lock - owner thread: 0x000001cd5a61b790

Heap address: 0x0000000702e00000, size: 4050 MB, Compressed Oops mode: Zero based, Oop shift amount: 3

CDS archive(s) mapped at: [0x0000000000000000-0x0000000000000000-0x0000000000000000), size 0, SharedBaseAddress: 0x0000000800000000, ArchiveRelocationMode: 1.
Narrow klass base: 0x0000000000000000, Narrow klass shift: 0, Narrow klass range: 0x0

GC Precious Log:
 CardTable entry size: 512
 Card Set container configuration: InlinePtr #cards 4 size 8 Array Of Cards #cards 16 size 48 Howl #buckets 8 coarsen threshold 3686 Howl Bitmap #cards 512 size 80 coarsen threshold 460 Card regions per heap region 1 cards per card region 4096

Heap:
 garbage-first heap   total 0K, used 0K [0x0000000702e00000, 0x0000000800000000)
  region size 2048K, 0 young (0K), 0 survivors (0K)

[error occurred during error reporting (printing heap information), id 0xc0000005, EXCEPTION_ACCESS_VIOLATION (0xc0000005) at pc=0x00007ffad24613b9]
GC Heap History (0 events):
No events

Dll operation events (1 events):
Event: 0.025 Loaded shared library C:\Users\User\AppData\Roaming\TRAE SOLO\ModularData\ai-agent\vm\tools\app\jre\bin\java.dll

Deoptimization events (0 events):
No events

Classes loaded (0 events):
No events

Classes unloaded (0 events):
No events

Classes redefined (0 events):
No events

Internal exceptions (0 events):
No events

ZGC Phase Switch (0 events):
No events

VM Operations (0 events):
No events

Memory protections (0 events):
No events

Nmethod flushes (0 events):
No events

Events (0 events):
No events


Dynamic libraries:
0x00007ff7641c0000 - 0x00007ff7641ce000 	C:\Users\User\AppData\Roaming\TRAE SOLO\ModularData\ai-agent\vm\tools\app\jre\bin\java.exe
0x00007ffbaa4e0000 - 0x00007ffbaa747000 	C:\WINDOWS\SYSTEM32\ntdll.dll
0x00007ffba8530000 - 0x00007ffba85f9000 	C:\WINDOWS\System32\KERNEL32.DLL
0x00007ffba71c0000 - 0x00007ffba75b7000 	C:\WINDOWS\System32\KERNELBASE.dll
0x00007ffb424f0000 - 0x00007ffb425a0000 	c:\Users\User\AppData\Local\Programs\TRAE SOLO\resources\app\modules\ai-agent\x64\trae_vm.dll
0x00007ffba9930000 - 0x00007ffba99e6000 	C:\WINDOWS\System32\ADVAPI32.dll
0x00007ffba9e20000 - 0x00007ffba9ec9000 	C:\WINDOWS\System32\msvcrt.dll
0x00007ffba8d80000 - 0x00007ffba8e27000 	C:\WINDOWS\System32\sechost.dll
0x00007ffba9cf0000 - 0x00007ffba9e08000 	C:\WINDOWS\System32\RPCRT4.dll
0x00007ffba8110000 - 0x00007ffba825b000 	C:\WINDOWS\System32\ucrtbase.dll
0x00007ffb8a390000 - 0x00007ffb8a3a8000 	C:\Users\User\AppData\Roaming\TRAE SOLO\ModularData\ai-agent\vm\tools\app\jre\bin\jli.dll
0x00007ffb84350000 - 0x00007ffb8436e000 	C:\Users\User\AppData\Roaming\TRAE SOLO\ModularData\ai-agent\vm\tools\app\jre\bin\VCRUNTIME140.dll
0x00007ffba8260000 - 0x00007ffba8426000 	C:\WINDOWS\System32\USER32.dll
0x00007ffb90d10000 - 0x00007ffb90fa2000 	C:\WINDOWS\WinSxS\amd64_microsoft.windows.common-controls_6595b64144ccf1df_6.0.26100.8457_none_3e0b2faee331e92d\COMCTL32.dll
0x00007ffba8020000 - 0x00007ffba8047000 	C:\WINDOWS\System32\win32u.dll
0x00007ffba9900000 - 0x00007ffba992b000 	C:\WINDOWS\System32\GDI32.dll
0x00007ffba6f10000 - 0x00007ffba703c000 	C:\WINDOWS\System32\gdi32full.dll
0x00007ffba75c0000 - 0x00007ffba7663000 	C:\WINDOWS\System32\msvcp_win.dll
0x00007ffb44470000 - 0x00007ffb44500000 	c:\Users\User\AppData\Local\Programs\TRAE SOLO\resources\app\modules\ai-agent\x64\sbox_ipc.dll
0x00007ffba9070000 - 0x00007ffba90a2000 	C:\WINDOWS\System32\IMM32.DLL
0x00007ffb918f0000 - 0x00007ffb91b32000 	C:\WINDOWS\SYSTEM32\dbghelp.dll
0x00007ffbaa0b0000 - 0x00007ffbaa433000 	C:\WINDOWS\System32\combase.dll
0x00007ffba9390000 - 0x00007ffba9469000 	C:\WINDOWS\System32\OLEAUT32.dll
0x00007ffb89380000 - 0x00007ffb893bb000 	C:\WINDOWS\SYSTEM32\dbgcore.DLL
0x00007ffb8b850000 - 0x00007ffb8b85c000 	C:\Users\User\AppData\Roaming\TRAE SOLO\ModularData\ai-agent\vm\tools\app\jre\bin\vcruntime140_1.dll
0x00007ffb45a60000 - 0x00007ffb45aed000 	C:\Users\User\AppData\Roaming\TRAE SOLO\ModularData\ai-agent\vm\tools\app\jre\bin\msvcp140.dll
0x00007ffad1d30000 - 0x00007ffad2ad1000 	C:\Users\User\AppData\Roaming\TRAE SOLO\ModularData\ai-agent\vm\tools\app\jre\bin\server\jvm.dll
0x00007ffba8fe0000 - 0x00007ffba9060000 	C:\WINDOWS\System32\WS2_32.dll
0x00007ffba6bc0000 - 0x00007ffba6c1e000 	C:\WINDOWS\SYSTEM32\POWRPROF.dll
0x00007ffb99a20000 - 0x00007ffb99a56000 	C:\WINDOWS\SYSTEM32\WINMM.dll
0x00007ffba1730000 - 0x00007ffba173b000 	C:\WINDOWS\SYSTEM32\VERSION.dll
0x00007ffba6ba0000 - 0x00007ffba6bb4000 	C:\WINDOWS\SYSTEM32\UMPDC.dll
0x00007ffba5c60000 - 0x00007ffba5c7b000 	C:\WINDOWS\SYSTEM32\kernel.appcore.dll
0x00007ffb8b830000 - 0x00007ffb8b83a000 	C:\Users\User\AppData\Roaming\TRAE SOLO\ModularData\ai-agent\vm\tools\app\jre\bin\jimage.dll
0x00007ffba7f70000 - 0x00007ffba8018000 	C:\WINDOWS\System32\bcryptPrimitives.dll
0x00007ffb82e70000 - 0x00007ffb82e90000 	C:\Users\User\AppData\Roaming\TRAE SOLO\ModularData\ai-agent\vm\tools\app\jre\bin\java.dll

JVMTI agents: none

dbghelp: loaded successfully - version: 4.0.5 - missing functions: none
symbol engine: initialized successfully - sym options: 0x614 - pdb path: .;C:\Users\User\AppData\Roaming\TRAE SOLO\ModularData\ai-agent\vm\tools\app\jre\bin;C:\WINDOWS\SYSTEM32;c:\Users\User\AppData\Local\Programs\TRAE SOLO\resources\app\modules\ai-agent\x64;C:\WINDOWS\WinSxS\amd64_microsoft.windows.common-controls_6595b64144ccf1df_6.0.26100.8457_none_3e0b2faee331e92d;C:\Users\User\AppData\Roaming\TRAE SOLO\ModularData\ai-agent\vm\tools\app\jre\bin\server

VM Arguments:
java_command: <unknown>
java_class_path (initial): <not set>
Launcher Type: SUN_STANDARD

[Global flags]
     intx CICompilerCount                          = 4                                         {product} {ergonomic}
     uint ConcGCThreads                            = 2                                         {product} {ergonomic}
     uint G1ConcRefinementThreads                  = 8                                         {product} {ergonomic}
   size_t G1HeapRegionSize                         = 2097152                                   {product} {ergonomic}
    uintx GCDrainStackTargetSize                   = 64                                        {product} {ergonomic}
   size_t InitialHeapSize                          = 266338304                                 {product} {ergonomic}
   size_t MarkStackSize                            = 4194304                                   {product} {ergonomic}
   size_t MaxHeapSize                              = 4246732800                                {product} {ergonomic}
   size_t MinHeapDeltaBytes                        = 2097152                                   {product} {ergonomic}
   size_t MinHeapSize                              = 8388608                                   {product} {ergonomic}
    uintx NonNMethodCodeHeapSize                   = 5839372                                {pd product} {ergonomic}
    uintx NonProfiledCodeHeapSize                  = 122909434                              {pd product} {ergonomic}
    uintx ProfiledCodeHeapSize                     = 122909434                              {pd product} {ergonomic}
    uintx ReservedCodeCacheSize                    = 251658240                              {pd product} {ergonomic}
     bool SegmentedCodeCache                       = true                                      {product} {ergonomic}
   size_t SoftMaxHeapSize                          = 4246732800                             {manageable} {ergonomic}
     bool UseCompressedOops                        = true                           {product lp64_product} {ergonomic}
     bool UseG1GC                                  = true                                      {product} {ergonomic}
     bool UseLargePagesIndividualAllocation        = false                                  {pd product} {ergonomic}

Logging:
Log output configuration:
 #0: stdout all=warning uptime,level,tags foldmultilines=false
 #1: stderr all=off uptime,level,tags foldmultilines=false

Release file:
<release file has not been read>
Environment Variables:
PATH=C:\Users\User\AppData\Roaming\TRAE SOLO\ModularData\ai-agent\vm\tools\python;C:\Users\User\AppData\Roaming\TRAE SOLO\ModularData\ai-agent\vm\tools\node;C:\Users\User\AppData\Roaming\TRAE SOLO\ModularData\ai-agent\vm\tools\app\jre\bin;C:\Users\User\AppData\Roaming\TRAE SOLO\ModularData\ai-agent\vm\tools\bin;C:\Windows\system32;C:\Windows;C:\Windows\System32\Wbem;C:\Windows\System32\WindowsPowerShell\v1.0\;C:\Windows\System32\OpenSSH\;C:\Program Files (x86)\NVIDIA Corporation\PhysX\Common;C:\Program Files\NVIDIA Corporation\NVIDIA NvDLISR;C:\WINDOWS\system32;C:\WINDOWS;C:\WINDOWS\System32\Wbem;C:\WINDOWS\System32\WindowsPowerShell\v1.0\;C:\WINDOWS\System32\OpenSSH\;C:\xampp\php;C:\ProgramData\ComposerSetup\bin;C:\Program Files\nodejs\;C:\Program Files\Git\cmd;C:\laragon\bin\php\php-8.3.30-Win32-vs16-x64;C:\Users\User\AppData\Local\Microsoft\WindowsApps;C:\Users\User\AppData\Local\Programs\Microsoft VS Code\bin;C:\Users\User\AppData\Local\Programs\cursor\resources\app\bin;C:\Users\User\AppData\Roaming\Composer\vendor\bin;C:\Users\User\AppData\Roaming\npm;C:\Users\User\AppData\Local\Programs\Antigravity\bin;C:\Users\User\AppData\Local\Programs\Kiro\bin;C:\Users\User\AppData\Local\Programs\Antigravity IDE\bin;c:\Users\User\AppData\Local\Programs\TRAE SOLO\resources\app\bin\lib
USERNAME=User
LANG=C.UTF-8
TERM=dumb
OS=Windows_NT
PROCESSOR_IDENTIFIER=Intel64 Family 6 Model 151 Stepping 5, GenuineIntel
TMP=C:\Users\User\AppData\Local\Temp
TEMP=C:\Users\User\AppData\Local\Temp




Periodic native trim disabled

---------------  S Y S T E M  ---------------

OS:
 Windows 11 , 64 bit Build 26100 (10.0.26100.8328)
OS uptime: 0 days 5:11 hours
Hyper-V role detected

CPU: total 8 (initial active 8) (4 cores per cpu, 2 threads per core) family 6 model 151 stepping 5 microcode 0xf, cx8, cmov, fxsr, ht, mmx, 3dnowpref, sse, sse2, sse3, ssse3, sse4.1, sse4.2, popcnt, lzcnt, tsc, tscinvbit, avx, avx2, aes, erms, clmul, bmi1, bmi2, adx, sha, fma, vzeroupper, clflush, clflushopt, clwb, hv, serialize, rdtscp, rdpid, fsrm, f16c, cet_ibt, cet_ss
Processor Information for the first 8 processors :
  Max Mhz: 3300, Current Mhz: 3300, Mhz Limit: 3300

Memory: 4k page, system-wide physical 16197M (1936M free)
TotalPageFile size 31930M (AvailPageFile size 64M)
current process WorkingSet (physical memory assigned to process): 14M, peak: 14M
current process commit charge ("private bytes"): 61M, peak: 315M

vm_info: OpenJDK 64-Bit Server VM (21.0.10+7-LTS) for windows-amd64 JRE (21.0.10+7-LTS), built on 2026-01-20T00:00:00Z by "admin" with MS VC++ 17.12 (VS2022)

END.
